[    0.000000] Linux version 4.15.0-166-generic (buildd@lgw01-amd64-012) (gcc version 7.5.0 (Ubuntu 7.5.0-3ubuntu1~18.04)) #174-Ubuntu SMP Wed Dec 8 19:07:44 UTC 2021 (Ubuntu 4.15.0-166.174-generic 4.15.18)
[    0.000000] Command line: BOOT_IMAGE=/boot/vmlinuz-4.15.0-166-generic root=LABEL=cloudimg-rootfs ro console=tty1 console=ttyS0
[    0.000000] KERNEL supported cpus:
[    0.000000]   Intel GenuineIntel
[    0.000000]   AMD AuthenticAMD
[    0.000000]   Centaur CentaurHauls
[    0.000000] x86/fpu: x87 FPU will use FXSAVE
[    0.000000] e820: BIOS-provided physical RAM map:
[    0.000000] BIOS-e820: [mem 0x0000000000000000-0x000000000009fbff] usable
[    0.000000] BIOS-e820: [mem 0x000000000009fc00-0x000000000009ffff] reserved
[    0.000000] BIOS-e820: [mem 0x00000000000f0000-0x00000000000fffff] reserved
[    0.000000] BIOS-e820: [mem 0x0000000000100000-0x000000003ffeffff] usable
[    0.000000] BIOS-e820: [mem 0x000000003fff0000-0x000000003fffffff] ACPI data
[    0.000000] BIOS-e820: [mem 0x00000000fec00000-0x00000000fec00fff] reserved
[    0.000000] BIOS-e820: [mem 0x00000000fee00000-0x00000000fee00fff] reserved
[    0.000000] BIOS-e820: [mem 0x00000000fffc0000-0x00000000ffffffff] reserved
[    0.000000] NX (Execute Disable) protection: active
[    0.000000] SMBIOS 2.5 present.
[    0.000000] DMI: innotek GmbH VirtualBox/VirtualBox, BIOS VirtualBox 12/01/2006
[    0.000000] Hypervisor detected: KVM
[    0.000000] e820: last_pfn = 0x3fff0 max_arch_pfn = 0x400000000
[    0.000000] MTRR: Disabled
[    0.000000] x86/PAT: MTRRs disabled, skipping PAT initialization too.
[    0.000000] CPU MTRRs all blank - virtualized system.
[    0.000000] x86/PAT: Configuration [0-7]: WB  WT  UC- UC  WB  WT  UC- UC  
[    0.000000] found SMP MP-table at [mem 0x0009fff0-0x0009ffff]
[    0.000000] Scanning 1 areas for low memory corruption
[    0.000000] RAMDISK: [mem 0x359c9000-0x36cdbfff]
[    0.000000] ACPI: Early table checksum verification disabled
[    0.000000] ACPI: RSDP 0x00000000000E0000 000024 (v02 VBOX  )
[    0.000000] ACPI: XSDT 0x000000003FFF0030 00003C (v01 VBOX   VBOXXSDT 00000001 ASL  00000061)
[    0.000000] ACPI: FACP 0x000000003FFF00F0 0000F4 (v04 VBOX   VBOXFACP 00000001 ASL  00000061)
[    0.000000] ACPI: DSDT 0x000000003FFF0470 002325 (v02 VBOX   VBOXBIOS 00000002 INTL 20100528)
[    0.000000] ACPI: FACS 0x000000003FFF0200 000040
[    0.000000] ACPI: FACS 0x000000003FFF0200 000040
[    0.000000] ACPI: APIC 0x000000003FFF0240 00005C (v02 VBOX   VBOXAPIC 00000001 ASL  00000061)
[    0.000000] ACPI: SSDT 0x000000003FFF02A0 0001CC (v01 VBOX   VBOXCPUT 00000002 INTL 20100528)
[    0.000000] ACPI: Reserving FACP table memory at [mem 0x3fff00f0-0x3fff01e3]
[    0.000000] ACPI: Reserving DSDT table memory at [mem 0x3fff0470-0x3fff2794]
[    0.000000] ACPI: Reserving FACS table memory at [mem 0x3fff0200-0x3fff023f]
[    0.000000] ACPI: Reserving FACS table memory at [mem 0x3fff0200-0x3fff023f]
[    0.000000] ACPI: Reserving APIC table memory at [mem 0x3fff0240-0x3fff029b]
[    0.000000] ACPI: Reserving SSDT table memory at [mem 0x3fff02a0-0x3fff046b]
[    0.000000] No NUMA configuration found
[    0.000000] Faking a node at [mem 0x0000000000000000-0x000000003ffeffff]
[    0.000000] NODE_DATA(0) allocated [mem 0x3ffc5000-0x3ffeffff]
[    0.000000] kvm-clock: cpu 0, msr 0:3ff44001, primary cpu clock
[    0.000000] kvm-clock: Using msrs 4b564d01 and 4b564d00
[    0.000000] kvm-clock: using sched offset of 6652916951 cycles
[    0.000000] clocksource: kvm-clock: mask: 0xffffffffffffffff max_cycles: 0x1cd42e4dffb, max_idle_ns: 881590591483 ns
[    0.000000] Zone ranges:
[    0.000000]   DMA      [mem 0x0000000000001000-0x0000000000ffffff]
[    0.000000]   DMA32    [mem 0x0000000001000000-0x000000003ffeffff]
[    0.000000]   Normal   empty
[    0.000000]   Device   empty
[    0.000000] Movable zone start for each node
[    0.000000] Early memory node ranges
[    0.000000]   node   0: [mem 0x0000000000001000-0x000000000009efff]
[    0.000000]   node   0: [mem 0x0000000000100000-0x000000003ffeffff]
[    0.000000] Reserved but unavailable: 104 pages
[    0.000000] Initmem setup node 0 [mem 0x0000000000001000-0x000000003ffeffff]
[    0.000000] ACPI: PM-Timer IO Port: 0x4008
[    0.000000] IOAPIC[0]: apic_id 2, version 32, address 0xfec00000, GSI 0-23
[    0.000000] ACPI: INT_SRC_OVR (bus 0 bus_irq 0 global_irq 2 dfl dfl)
[    0.000000] ACPI: INT_SRC_OVR (bus 0 bus_irq 9 global_irq 9 low level)
[    0.000000] Using ACPI (MADT) for SMP configuration information
[    0.000000] smpboot: Allowing 2 CPUs, 0 hotplug CPUs
[    0.000000] PM: Registered nosave memory: [mem 0x00000000-0x00000fff]
[    0.000000] PM: Registered nosave memory: [mem 0x0009f000-0x0009ffff]
[    0.000000] PM: Registered nosave memory: [mem 0x000a0000-0x000effff]
[    0.000000] PM: Registered nosave memory: [mem 0x000f0000-0x000fffff]
[    0.000000] e820: [mem 0x40000000-0xfebfffff] available for PCI devices
[    0.000000] Booting paravirtualized kernel on KVM
[    0.000000] clocksource: refined-jiffies: mask: 0xffffffff max_cycles: 0xffffffff, max_idle_ns: 7645519600211568 ns
[    0.000000] random: get_random_bytes called from start_kernel+0x99/0x500 with crng_init=0
[    0.000000] setup_percpu: NR_CPUS:8192 nr_cpumask_bits:2 nr_cpu_ids:2 nr_node_ids:1
[    0.000000] percpu: Embedded 45 pages/cpu s147456 r8192 d28672 u1048576
[    0.000000] PV qspinlock hash table entries: 256 (order: 0, 4096 bytes)
[    0.000000] Built 1 zonelists, mobility grouping on.  Total pages: 257913
[    0.000000] Policy zone: DMA32
[    0.000000] Kernel command line: BOOT_IMAGE=/boot/vmlinuz-4.15.0-166-generic root=LABEL=cloudimg-rootfs ro console=tty1 console=ttyS0
[    0.000000] Memory: 982704K/1048120K available (12300K kernel code, 2483K rwdata, 4320K rodata, 2448K init, 2724K bss, 65416K reserved, 0K cma-reserved)
[    0.000000] SLUB: HWalign=64, Order=0-3, MinObjects=0, CPUs=2, Nodes=1
[    0.000000] Kernel/User page tables isolation: enabled
[    0.000000] ftrace: allocating 39491 entries in 155 pages
[    0.004000] Hierarchical RCU implementation.
[    0.004000] 	RCU restricting CPUs from NR_CPUS=8192 to nr_cpu_ids=2.
[    0.004000] 	Tasks RCU enabled.
[    0.004000] RCU: Adjusting geometry for rcu_fanout_leaf=16, nr_cpu_ids=2
[    0.004000] NR_IRQS: 524544, nr_irqs: 440, preallocated irqs: 16
[    0.004000] Console: colour VGA+ 80x25
[    0.004000] console [tty1] enabled
[    0.004000] console [ttyS0] enabled
[    0.004000] ACPI: Core revision 20170831
[    0.004000] ACPI: 2 ACPI AML tables successfully acquired and loaded
[    0.004000] APIC: Switch to symmetric I/O mode setup
[    0.004000] ..TIMER: vector=0x30 apic1=0 pin1=2 apic2=-1 pin2=-1
[    0.004000] tsc: Detected 3407.998 MHz processor
[    0.004000] Calibrating delay loop (skipped) preset value.. 6815.99 BogoMIPS (lpj=13631992)
[    0.004000] pid_max: default: 32768 minimum: 301
[    0.004080] Security Framework initialized
[    0.008007] Yama: becoming mindful.
[    0.012106] AppArmor: AppArmor initialized
[    0.028785] Dentry cache hash table entries: 131072 (order: 8, 1048576 bytes)
[    0.037993] Inode-cache hash table entries: 65536 (order: 7, 524288 bytes)
[    0.040108] Mount-cache hash table entries: 2048 (order: 2, 16384 bytes)
[    0.044082] Mountpoint-cache hash table entries: 2048 (order: 2, 16384 bytes)
[    0.052378] Last level iTLB entries: 4KB 64, 2MB 8, 4MB 8
[    0.056003] Last level dTLB entries: 4KB 64, 2MB 0, 4MB 0, 1GB 4
[    0.060037] Spectre V1 : Mitigation: usercopy/swapgs barriers and __user pointer sanitization
[    0.064007] Spectre V2 : Mitigation: Full generic retpoline
[    0.068004] Spectre V2 : Spectre v2 / SpectreRSB mitigation: Filling RSB on context switch
[    0.072006] Speculative Store Bypass: Vulnerable
[    0.076043] MDS: Mitigation: Clear CPU buffers
[    0.080173] Freeing SMP alternatives memory: 36K
[    0.199424] smpboot: CPU0: Intel(R) Core(TM) i3-7100T CPU @ 3.40GHz (family: 0x6, model: 0x9e, stepping: 0x9)
[    0.200554] Performance Events: unsupported p6 CPU model 158 no PMU driver, software events only.
[    0.204152] Hierarchical SRCU implementation.
[    0.208905] NMI watchdog: Perf event create on CPU 0 failed with -2
[    0.212005] NMI watchdog: Perf NMI watchdog permanently disabled
[    0.220105] smp: Bringing up secondary CPUs ...
[    0.225076] x86: Booting SMP configuration:
[    0.228088] .... node  #0, CPUs:      #1
[    0.004000] kvm-clock: cpu 1, msr 0:3ff44041, secondary cpu clock
[    0.244000] TSC synchronization [CPU#0 -> CPU#1]:
[    0.244000] Measured 97546 cycles TSC warp between CPUs, turning off TSC clock.
[    0.244000] tsc: Marking TSC unstable due to check_tsc_sync_source failed
[    0.248210] smp: Brought up 1 node, 2 CPUs
[    0.252006] smpboot: Max logical packages: 1
[    0.256009] smpboot: Total of 2 processors activated (13631.99 BogoMIPS)
[    0.264660] devtmpfs: initialized
[    0.268124] x86/mm: Memory block size: 128MB
[    0.272444] evm: security.selinux
[    0.276003] evm: security.SMACK64
[    0.280006] evm: security.SMACK64EXEC
[    0.284008] evm: security.SMACK64TRANSMUTE
[    0.288003] evm: security.SMACK64MMAP
[    0.292003] evm: security.apparmor
[    0.296006] evm: security.ima
[    0.300003] evm: security.capability
[    0.304462] clocksource: jiffies: mask: 0xffffffff max_cycles: 0xffffffff, max_idle_ns: 7645041785100000 ns
[    0.308017] futex hash table entries: 512 (order: 3, 32768 bytes)
[    0.312214] pinctrl core: initialized pinctrl subsystem
[    0.316680] RTC time: 21:22:28, date: 01/07/22
[    0.324388] NET: Registered protocol family 16
[    0.328137] audit: initializing netlink subsys (disabled)
[    0.336213] audit: type=2000 audit(1641590556.134:1): state=initialized audit_enabled=0 res=1
[    0.348014] cpuidle: using governor ladder
[    0.352024] cpuidle: using governor menu
[    0.356053] ACPI: bus type PCI registered
[    0.360005] acpiphp: ACPI Hot Plug PCI Controller Driver version: 0.5
[    0.364705] PCI: Using configuration type 1 for base access
[    0.376446] HugeTLB registered 2.00 MiB page size, pre-allocated 0 pages
[    0.384904] ACPI: Added _OSI(Module Device)
[    0.388010] ACPI: Added _OSI(Processor Device)
[    0.392008] ACPI: Added _OSI(3.0 _SCP Extensions)
[    0.396007] ACPI: Added _OSI(Processor Aggregator Device)
[    0.400009] ACPI: Added _OSI(Linux-Dell-Video)
[    0.404011] ACPI: Added _OSI(Linux-Lenovo-NV-HDMI-Audio)
[    0.408010] ACPI: Added _OSI(Linux-HPI-Hybrid-Graphics)
[    0.416236] ACPI: Executed 1 blocks of module-level executable AML code
[    0.427307] ACPI: Interpreter enabled
[    0.428024] ACPI: (supports S0 S5)
[    0.432004] ACPI: Using IOAPIC for interrupt routing
[    0.436613] PCI: Using host bridge windows from ACPI; if necessary, use "pci=nocrs" and report a bug
[    0.440307] ACPI: Enabled 2 GPEs in block 00 to 07
[    0.457958] ACPI: PCI Root Bridge [PCI0] (domain 0000 [bus 00-ff])
[    0.460016] acpi PNP0A03:00: _OSC: OS supports [ASPM ClockPM Segments MSI]
[    0.468517] acpi PNP0A03:00: _OSC: not requesting OS control; OS requires [ExtendedConfig ASPM ClockPM MSI]
[    0.472023] acpi PNP0A03:00: fail to add MMCONFIG information, can't access extended PCI configuration space under this bridge.
[    0.480107] PCI host bridge to bus 0000:00
[    0.484005] pci_bus 0000:00: root bus resource [io  0x0000-0x0cf7 window]
[    0.488007] pci_bus 0000:00: root bus resource [io  0x0d00-0xffff window]
[    0.492008] pci_bus 0000:00: root bus resource [mem 0x000a0000-0x000bffff window]
[    0.496006] pci_bus 0000:00: root bus resource [mem 0x40000000-0xfdffffff window]
[    0.500009] pci_bus 0000:00: root bus resource [bus 00-ff]
[    0.513831] pci 0000:00:01.1: legacy IDE quirk: reg 0x10: [io  0x01f0-0x01f7]
[    0.516006] pci 0000:00:01.1: legacy IDE quirk: reg 0x14: [io  0x03f6]
[    0.520006] pci 0000:00:01.1: legacy IDE quirk: reg 0x18: [io  0x0170-0x0177]
[    0.524007] pci 0000:00:01.1: legacy IDE quirk: reg 0x1c: [io  0x0376]
[    0.616576] pci 0000:00:07.0: quirk: [io  0x4000-0x403f] claimed by PIIX4 ACPI
[    0.628048] pci 0000:00:07.0: quirk: [io  0x4100-0x410f] claimed by PIIX4 SMB
[    0.665565] ACPI: PCI Interrupt Link [LNKA] (IRQs 5 9 10 *11)
[    0.680280] ACPI: PCI Interrupt Link [LNKB] (IRQs 5 9 *10 11)
[    0.692025] ACPI: PCI Interrupt Link [LNKC] (IRQs 5 *9 10 11)
[    0.704213] ACPI: PCI Interrupt Link [LNKD] (IRQs 5 9 10 *11)
[    0.716925] SCSI subsystem initialized
[    0.724262] pci 0000:00:02.0: vgaarb: setting as boot VGA device
[    0.728000] pci 0000:00:02.0: vgaarb: VGA device added: decodes=io+mem,owns=io+mem,locks=none
[    0.756008] pci 0000:00:02.0: vgaarb: bridge control possible
[    0.768005] vgaarb: loaded
[    0.772105] ACPI: bus type USB registered
[    0.780026] usbcore: registered new interface driver usbfs
[    0.792026] usbcore: registered new interface driver hub
[    0.804058] usbcore: registered new device driver usb
[    0.816003] EDAC MC: Ver: 3.0.0
[    0.824310] PCI: Using ACPI for IRQ routing
[    0.836784] NetLabel: Initializing
[    0.844008] NetLabel:  domain hash size = 128
[    0.852005] NetLabel:  protocols = UNLABELED CIPSOv4 CALIPSO
[    0.864167] NetLabel:  unlabeled traffic allowed by default
[    0.876308] clocksource: Switched to clocksource kvm-clock
[    0.945037] VFS: Disk quotas dquot_6.6.0
[    0.949994] VFS: Dquot-cache hash table entries: 512 (order 0, 4096 bytes)
[    0.958220] AppArmor: AppArmor Filesystem Enabled
[    0.963825] pnp: PnP ACPI init
[    0.969843] pnp: PnP ACPI: found 3 devices
[    0.986725] clocksource: acpi_pm: mask: 0xffffff max_cycles: 0xffffff, max_idle_ns: 2085701024 ns
[    0.996493] NET: Registered protocol family 2
[    1.002322] IP idents hash table entries: 16384 (order: 5, 131072 bytes)
[    1.010531] TCP established hash table entries: 8192 (order: 4, 65536 bytes)
[    1.018449] TCP bind hash table entries: 8192 (order: 5, 131072 bytes)
[    1.026461] TCP: Hash tables configured (established 8192 bind 8192)
[    1.033883] UDP hash table entries: 512 (order: 2, 16384 bytes)
[    1.040681] UDP-Lite hash table entries: 512 (order: 2, 16384 bytes)
[    1.047776] NET: Registered protocol family 1
[    1.052966] pci 0000:00:00.0: Limiting direct PCI/PCI transfers
[    1.059589] pci 0000:00:01.0: Activating ISA DMA hang workarounds
[    1.066147] pci 0000:00:02.0: Video device with shadowed ROM at [mem 0x000c0000-0x000dffff]
[    1.076234] Unpacking initramfs...
[    1.732213] Freeing initrd memory: 19532K
[    1.737715] clocksource: tsc: mask: 0xffffffffffffffff max_cycles: 0x311fd208cfc, max_idle_ns: 440795283699 ns
[    1.748690] platform rtc_cmos: registered platform RTC device (no PNP device found)
[    1.757400] Scanning for low memory corruption every 60 seconds
[    1.766262] Initialise system trusted keyrings
[    1.771688] Key type blacklist registered
[    1.778134] workingset: timestamp_bits=36 max_order=18 bucket_order=0
[    1.787300] zbud: loaded
[    1.792354] squashfs: version 4.0 (2009/01/31) Phillip Lougher
[    1.799203] fuse init (API version 7.26)
[    1.827741] Key type asymmetric registered
[    1.832748] Asymmetric key parser 'x509' registered
[    1.839017] Block layer SCSI generic (bsg) driver version 0.4 loaded (major 246)
[    1.848447] io scheduler noop registered
[    1.853204] io scheduler deadline registered
[    1.858444] io scheduler cfq registered (default)
[    1.864746] ACPI: AC Adapter [AC] (on-line)
[    1.870536] input: Power Button as /devices/LNXSYSTM:00/LNXPWRBN:00/input/input0
[    1.879919] ACPI: Power Button [PWRF]
[    1.884771] input: Sleep Button as /devices/LNXSYSTM:00/LNXSLPBN:00/input/input1
[    1.892673] ACPI: Sleep Button [SLPF]
[    1.898259] Serial: 8250/16550 driver, 32 ports, IRQ sharing enabled
[    1.937615] 00:02: ttyS0 at I/O 0x3f8 (irq = 4, base_baud = 115200) is a 16550A
[    1.947687] Linux agpgart interface v0.103
[    1.955869] loop: module loaded
[    1.963132] scsi host0: ata_piix
[    1.967812] scsi host1: ata_piix
[    1.971760] ata1: PATA max UDMA/33 cmd 0x1f0 ctl 0x3f6 bmdma 0xd000 irq 14
[    1.979596] ata2: PATA max UDMA/33 cmd 0x170 ctl 0x376 bmdma 0xd008 irq 15
[    1.987322] libphy: Fixed MDIO Bus: probed
[    1.993548] tun: Universal TUN/TAP device driver, 1.6
[    1.999911] PPP generic driver version 2.4.2
[    2.005168] ehci_hcd: USB 2.0 'Enhanced' Host Controller (EHCI) Driver
[    2.012815] ehci-pci: EHCI PCI platform driver
[    2.018073] ehci-platform: EHCI generic platform driver
[    2.024146] ohci_hcd: USB 1.1 'Open' Host Controller (OHCI) Driver
[    2.030888] ohci-pci: OHCI PCI platform driver
[    2.036115] ohci-platform: OHCI generic platform driver
[    2.042371] uhci_hcd: USB Universal Host Controller Interface driver
[    2.049537] i8042: PNP: PS/2 Controller [PNP0303:PS2K,PNP0f03:PS2M] at 0x60,0x64 irq 1,12
[    2.063404] serio: i8042 KBD port at 0x60,0x64 irq 1
[    2.069129] serio: i8042 AUX port at 0x60,0x64 irq 12
[    2.075460] mousedev: PS/2 mouse device common for all mice
[    2.083745] input: AT Translated Set 2 keyboard as /devices/platform/i8042/serio0/input/input2
[    2.096345] rtc_cmos rtc_cmos: rtc core: registered rtc_cmos as rtc0
[    2.103470] rtc_cmos rtc_cmos: alarms up to one day, 114 bytes nvram
[    2.106807] i2c /dev entries driver
[    2.106807] device-mapper: uevent: version 1.0.3
[    2.119858] device-mapper: ioctl: 4.37.0-ioctl (2017-09-20) initialised: dm-devel@redhat.com
[    2.130083] ledtrig-cpu: registered to indicate activity on CPUs
[    2.140737] NET: Registered protocol family 10
[    2.155975] Segment Routing with IPv6
[    2.172169] NET: Registered protocol family 17
[    2.193382] Key type dns_resolver registered
[    2.225079] mce: Using 0 MCE banks
[    2.229532] RAS: Correctable Errors collector initialized.
[    2.235638] sched_clock: Marking stable (2235576621, 0)->(3272455570, -1036878949)
[    2.249039] registered taskstats version 1
[    2.254257] Loading compiled-in X.509 certificates
[    2.267686] Loaded X.509 cert 'Build time autogenerated kernel key: 408b96eb428cbe545a63e9a677d083d5c6df802b'
[    2.278813] Loaded X.509 cert 'Canonical Ltd. Live Patch Signing: 14df34d1a87cf37625abec039ef2bf521249b969'
[    2.289868] Loaded X.509 cert 'Canonical Ltd. Kernel Module Signing: 88f752e560a1e0737e31163a466ad7b70a850c19'
[    2.301079] blacklist: Loading compiled-in revocation X.509 certificates
[    2.310790] Loaded X.509 cert 'Canonical Ltd. Secure Boot Signing: 61482aa2830d0ab2ad5af10b7250da9033ddcef0'
[    2.327979] zswap: loaded using pool lzo/zbud
[    2.347884] Key type big_key registered
[    2.352559] Key type trusted registered
[    2.364309] Key type encrypted registered
[    2.369533] AppArmor: AppArmor sha1 policy hashing enabled
[    2.376860] ima: No TPM chip found, activating TPM-bypass! (rc=-19)
[    2.384965] ima: Allocated hash algorithm: sha1
[    2.391760] evm: HMAC attrs: 0x1
[    2.397284]   Magic number: 6:545:398
[    2.403099] rtc_cmos rtc_cmos: setting system clock to 2022-01-07 21:22:31 UTC (1641590551)
[    2.413044] BIOS EDD facility v0.16 2004-Jun-25, 0 devices found
[    2.419908] EDD information not available.
[    2.430516] Freeing unused kernel image memory: 2448K
[    2.452283] Write protecting the kernel read-only data: 20480k
[    2.461864] Freeing unused kernel image memory: 2008K
[    2.468409] Freeing unused kernel image memory: 1824K
[    2.482854] x86/mm: Checked W+X mappings: passed, no W+X pages found.
[    2.495701] x86/mm: Checking user space page tables
[    2.514371] x86/mm: Checked W+X mappings: passed, no W+X pages found.
Loading, please wait...
starting version 237
[    2.654944] e1000: Intel(R) PRO/1000 Network Driver - version 7.3.21-k8-NAPI
[    2.663868] e1000: Copyright (c) 1999-2006 Intel Corporation.
[    2.690072] Fusion MPT base driver 3.04.20
[    2.694982] Copyright (c) 1999-2008 LSI Corporation
[    2.743441] Fusion MPT SPI Host driver 3.04.20
[    2.944967] input: ImExPS/2 Generic Explorer Mouse as /devices/platform/i8042/serio1/input/input4
[    3.455195] e1000 0000:00:03.0 eth0: (PCI:33MHz:32-bit) 02:24:5f:5f:ac:56
[    3.463225] e1000 0000:00:03.0 eth0: Intel(R) PRO/1000 Network Connection
[    4.196252] e1000 0000:00:08.0 eth1: (PCI:33MHz:32-bit) 08:00:27:56:79:8e
[    4.203855] e1000 0000:00:08.0 eth1: Intel(R) PRO/1000 Network Connection
[    4.214940] e1000 0000:00:08.0 enp0s8: renamed from eth1
[    4.223080] mptbase: ioc0: Initiating bringup
[    4.233282] e1000 0000:00:03.0 enp0s3: renamed from eth0
[    4.328130] ioc0: LSI53C1030 A0: Capabilities={Initiator}
[    4.587597] scsi host2: ioc0: LSI53C1030 A0, FwRev=00000000h, Ports=1, MaxQ=256, IRQ=20
[    4.766074] scsi 2:0:0:0: Direct-Access     VBOX     HARDDISK         1.0  PQ: 0 ANSI: 5
[    5.361961] scsi target2:0:0: Beginning Domain Validation
[    5.376449] scsi target2:0:0: Domain Validation skipping write tests
[    5.383006] scsi target2:0:0: Ending Domain Validation
[    5.388759] scsi target2:0:0: asynchronous
[    5.396125] scsi 2:0:1:0: Direct-Access     VBOX     HARDDISK         1.0  PQ: 0 ANSI: 5
[    6.182524] scsi target2:0:1: Beginning Domain Validation
[    6.188842] random: fast init done
[    6.199873] scsi target2:0:1: Domain Validation skipping write tests
[    6.206103] scsi target2:0:1: Ending Domain Validation
[    6.211740] scsi target2:0:1: asynchronous
[    6.227169] random: systemd-udevd: uninitialized urandom read (16 bytes read)
[    6.234250] random: systemd-udevd: uninitialized urandom read (16 bytes read)
[    6.241225] random: systemd-udevd: uninitialized urandom read (16 bytes read)
[    6.249276] sd 2:0:0:0: Attached scsi generic sg0 type 0
[    6.255337] sd 2:0:0:0: [sda] 83886080 512-byte logical blocks: (42.9 GB/40.0 GiB)
[    6.263944] sd 2:0:1:0: Attached scsi generic sg1 type 0
[    6.269983] sd 2:0:0:0: [sda] Write Protect is off
[    6.275156] sd 2:0:1:0: [sdb] 20480 512-byte logical blocks: (10.5 MB/10.0 MiB)
[    6.283084] sd 2:0:0:0: [sda] Incomplete mode parameter data
[    6.288933] sd 2:0:0:0: [sda] Assuming drive cache: write through
[    6.296522] sd 2:0:1:0: [sdb] Write Protect is off
[    6.305132] sd 2:0:1:0: [sdb] Incomplete mode parameter data
[    6.313467] sd 2:0:1:0: [sdb] Assuming drive cache: write through
[    6.341175]  sda: sda1
[    6.353541] sd 2:0:0:0: [sda] Attached SCSI disk
[    6.366468] sd 2:0:1:0: [sdb] Attached SCSI disk
Begin: Loading essential drivers ... [    8.708710] raid6: sse2x1   gen() 11041 MB/s
[    8.760631] raid6: sse2x1   xor()  7982 MB/s
[    8.812223] raid6: sse2x2   gen() 13272 MB/s
[    8.864948] raid6: sse2x2   xor()  9061 MB/s
[    8.916705] raid6: sse2x4   gen() 15211 MB/s
[    8.968619] raid6: sse2x4   xor()  9731 MB/s
[    8.973499] raid6: using algorithm sse2x4 gen() 15211 MB/s
[    8.979385] raid6: .... xor() 9731 MB/s, rmw enabled
[    8.984759] raid6: using ssse3x2 recovery algorithm
[    8.993092] xor: measuring software checksum speed
[    9.036812]    prefetch64-sse: 18419.000 MB/sec
[    9.080773]    generic_sse: 16197.000 MB/sec
[    9.085922] xor: using function: prefetch64-sse (18419.000 MB/sec)
[    9.095063] async_tx: api initialized (async)
done.
Begin: Running /scripts/init-premount ... done.
Begin: Mounting root file system ... Begin: Running /scripts/local-top ... done.
Begin: Running /scripts/local-premount ... [    9.180416] Btrfs loaded, crc32c=crc32c-intel
Scanning for Btrfs filesystems
done.
Warning: fsck not present, so skipping root file system
[    9.273934] EXT4-fs (sda1): mounted filesystem with ordered data mode. Opts: (null)
done.
Begin: Running /scripts/local-bottom ... done.
Begin: Running /scripts/init-bottom ... done.
[    9.688897] ip_tables: (C) 2000-2006 Netfilter Core Team
[    9.730105] systemd[1]: systemd 237 running in system mode. (+PAM +AUDIT +SELINUX +IMA +APPARMOR +SMACK +SYSVINIT +UTMP +LIBCRYPTSETUP +GCRYPT +GNUTLS +ACL +XZ +LZ4 +SECCOMP +BLKID +ELFUTILS +KMOD -IDN2 +IDN -PCRE2 default-hierarchy=hybrid)
[    9.750611] systemd[1]: Detected virtualization oracle.
[    9.756342] systemd[1]: Detected architecture x86-64.

Welcome to [1mUbuntu 18.04.6 LTS[0m!

[    9.798745] systemd[1]: Set hostname to <ubuntu>.
[    9.818869] systemd[1]: Initializing machine ID from random generator.
[    9.826055] systemd[1]: Installed transient /etc/machine-id file.
[   10.523583] systemd[1]: Reached target User and Group Name Lookups.
[[0;32m  OK  [0m] Reached target User and Group Name Lookups.
[   10.549362] systemd[1]: Created slice User and Session Slice.
[[0;32m  OK  [0m] Created slice User and Session Slice.
[   10.560391] systemd[1]: Reached target Swap.
[[0;32m  OK  [0m] Reached target Swap.
[   10.570442] systemd[1]: Created slice System Slice.
[[0;32m  OK  [0m] Created slice System Slice.
[[0;32m  OK  [0m] Listening on udev Kernel Socket.
[[0;32m  OK  [0m] Listening on Journal Socket.
         Mounting Huge Pages File System...
[[0;32m  OK  [0m] Listening on Network Service Netlink Socket.
         Starting Uncomplicated firewall...
         Starting Set the console keyboard layout...
[[0;32m  OK  [0m] Listening on Syslog Socket.
[[0;32m  OK  [0m] Listening on Journal Socket (/dev/log).
         Mounting POSIX Message Queue File System...
         Starting Create list of required stâ€¦ce nodes for the current kernel...
[[0;32m  OK  [0m] Listening on udev Control Socket.
         Starting udev Coldplug all Devices...
[[0;32m  OK  [0m] Started Forward Password Requests to Wall Directory Watch.
[[0;32m  OK  [0m] Listening on LVM2 poll daemon socket.
[[0;32m  OK  [0m] Created slice system-serial\x2dgetty.slice.
[[0;32m  OK  [0m] Set up automount Arbitrary Executabâ€¦rmats File System Automount Point.
[[0;32m  OK  [0m] Listening on /dev/initctl Compatibility Named Pipe.
[[0;32m  OK  [0m] Reached target System Time Synchronized.
[[0;32m  OK  [0m] Reached target Slices.
[[0;32m  OK  [0m] Listening on LVM2 metadata daemon socket.
[[0;32m  OK  [0m] Listening on Journal Audit Socket.
         Starting Journal Service...
         Starting Load Kernel Modules...
[[0;32m  OK  [0m] Listening on Device-mapper event daemon FIFOs.
         Starting Monitoring of LVM2 mirrorsâ€¦ng dmeventd or progress polling...
[[0;32m  OK  [0m] Listening on fsck to fsckd communication Socket.
         Starting File System Check on Root Device...
         Mounting Kernel Debug File System...
[[0;32m  OK  [0m] Mounted Huge Pages File System.[   10.787762] Loading iSCSI transport class v2.0-870.

[[0;32m  OK  [0m] Started Uncomplicated firewall.
[[0;32m  OK  [0m] Mounted POSIX Message Queue File System.
[[0;32m  OK  [0m] Started Create list of required staâ€¦vice nodes for the current kernel.
[[0;32m  OK  [0m] Mounted Kernel Debug File System.
[[0;32m  OK  [0m] Started File System Check Daemon to report status.
         Starting Create Static Device Nodes in /dev...[   10.875631] iscsi: registered transport (tcp)

[[0;32m  OK  [0m] Started LVM2 metadata daemon.
[[0;32m  OK  [0m] Started Journal Service.
[[0;32m  OK  [0m] Started udev Coldplug all Devices.
[[0;32m  OK  [0m] Started Set the console keyboard layout.
[[0;32m  OK  [0m] Started Create Static Device Nodes in /dev.
[   11.000616] iscsi: registered transport (iser)
[[0;32m  OK  [0m] Started Load Kernel Modules.
         Mounting FUSE Control File System...
         Mounting Kernel Configuration File System...
         Starting Apply Kernel Variables...
[[0;32m  OK  [0m] Mounted FUSE Control File System.
[[0;32m  OK  [0m] Started File System Check on Root Device.
[[0;32m  OK  [0m] Mounted Kernel Configuration File System.
         Starting Remount Root and Kernel File Systems...
[[0;32m  OK  [0m] Started Monitoring of LVM2 mirrors,â€¦sing dmeventd or progress polling.
[[0;32m  OK  [0m] Started Apply Kernel Variables.
[[0;32m  OK  [0m] Started Remount Root and Kernel File Systems.
         Starting Flush Journal to Persistent Storage...
         Starting Load/Save Random Seed...
[[0;32m  OK  [0m] Reached target Local File Systems (Pre).
[[0;32m  OK  [0m] Reached target Local File Systems.
         Starting Commit a transient machine-id on disk...
         Starting Tell Plymouth To Write Out Runtime Data...
         Starting ebtables ruleset management...
         Starting AppArmor initialization...
         Starting Set console font and keymap...
         Starting udev Kernel Device Manager...
[[0;32m  OK  [0m] Started Load/Save Random Seed.
[[0;32m  OK  [0m] Started Tell Plymouth To Write Out Runtime Data.
[[0;32m  OK  [0m] Started Set console font and keymap.
[[0;32m  OK  [0m] Started udev Kernel Device Manager.
[[0;32m  OK  [0m] Started Dispatch Password Requests to Console Directory Watch.
[[0;32m  OK  [0m] Reached target Local Encrypted Volumes.
[[0;32m  OK  [0m] Started ebtables ruleset management.
[[0;32m  OK  [0m] Started Commit a transient machine-id on disk.
[[0;32m  OK  [0m] Started Flush Journal to Persistent Storage.
         Starting Create Volatile Files and Directories...
[[0;32m  OK  [0m] Started Create Volatile Files and Directories.
         Starting Update UTMP about System Boot/Shutdown...
[[0;32m  OK  [0m] Started Update UTMP about System Boot/Shutdown.
[[0;32m  OK  [0m] Found device /dev/ttyS0.
[[0;32m  OK  [0m] Listening on Load/Save RF Kill Switch Status /dev/rfkill Watch.
[[0;32m  OK  [0m] Started AppArmor initialization.
         Starting Load AppArmor profiles managed internally by snapd...
         Starting Initial cloud-init job (pre-networking)...
[[0;32m  OK  [0m] Started Load AppArmor profiles managed internally by snapd.
[   15.415899] cloud-init[552]: Cloud-init v. 21.4-0ubuntu1~18.04.1 running 'init-local' at Fri, 07 Jan 2022 21:22:43 +0000. Up 14.88 seconds.
[[0;32m  OK  [0m] Started Initial cloud-init job (pre-networking).
[[0;32m  OK  [0m] Reached target Network (Pre).
         Starting Network Service...
[[0;32m  OK  [0m] Started Network Service.
         Starting Wait for Network to be Configured...
         Starting Network Name Resolution...
[[0;32m  OK  [0m] Started Network Name Resolution.
[[0;32m  OK  [0m] Reached target Host and Network Name Lookups.
[[0;32m  OK  [0m] Reached target Network.
[[0;32m  OK  [0m] Started Wait for Network to be Configured.
         Starting Initial cloud-init job (metadata service crawler)...
[   18.094479] cloud-init[654]: Cloud-init v. 21.4-0ubuntu1~18.04.1 running 'init' at Fri, 07 Jan 2022 21:22:47 +0000. Up 17.94 seconds.
[   18.101886] cloud-init[654]: ci-info: ++++++++++++++++++++++++++++++++++++++Net device info+++++++++++++++++++++++++++++++++++++++
[   18.107582] cloud-init[654]: ci-info: +--------+-------+----------------------------+---------------+--------+-------------------+
[   18.113337] cloud-init[654]: ci-info: | Device |   Up  |          Address           |      Mask     | Scope  |     Hw-Address    |
[   18.119456] cloud-init[654]: ci-info: +--------+-------+----------------------------+---------------+--------+-------------------+
[   18.126227] cloud-init[654]: ci-info: | enp0s3 |  True |         10.0.2.15          | 255.255.255.0 | global | 02:24:5f:5f:ac:56 |
[   18.136946] cloud-init[654]: ci-info: | enp0s3 |  True | fe80::24:5fff:fe5f:ac56/64 |       .       |  link  | 02:24:5f:5f:ac:56 |
[   18.147072] cloud-init[654]: ci-info: | enp0s8 | False |             .              |       .       |   .    | 08:00:27:56:79:8e |
[   18.158420] cloud-init[654]: ci-info: |   lo   |  True |         127.0.0.1          |   255.0.0.0   |  host  |         .         |
[   18.170437] cloud-init[654]: ci-info: |   lo   |  True |          ::1/128           |       .       |  host  |         .         |
[   18.181201] cloud-init[654]: ci-info: +--------+-------+----------------------------+---------------+--------+-------------------+
[   18.191319] cloud-init[654]: ci-info: ++++++++++++++++++++++++++++Route IPv4 info+++++++++++++++++++++++++++++
[   18.200678] cloud-init[654]: ci-info: +-------+-------------+----------+-----------------+-----------+-------+
[   18.209760] cloud-init[654]: ci-info: | Route | Destination | Gateway  |     Genmask     | Interface | Flags |
[   18.219039] cloud-init[654]: ci-info: +-------+-------------+----------+-----------------+-----------+-------+
[   18.229092] cloud-init[654]: ci-info: |   0   |   0.0.0.0   | 10.0.2.2 |     0.0.0.0     |   enp0s3  |   UG  |
[   18.237067] cloud-init[654]: ci-info: |   1   |   10.0.2.0  | 0.0.0.0  |  255.255.255.0  |   enp0s3  |   U   |
[   18.245728] cloud-init[654]: ci-info: |   2   |   10.0.2.2  | 0.0.0.0  | 255.255.255.255 |   enp0s3  |   UH  |
[   18.254731] cloud-init[654]: ci-info: +-------+-------------+----------+-----------------+-----------+-------+
[   18.263545] cloud-init[654]: ci-info: +++++++++++++++++++Route IPv6 info+++++++++++++++++++
[   18.271540] cloud-init[654]: ci-info: +-------+-------------+---------+-----------+-------+
[   18.279786] cloud-init[654]: ci-info: | Route | Destination | Gateway | Interface | Flags |
[   18.286719] cloud-init[654]: ci-info: +-------+-------------+---------+-----------+-------+
[   18.294772] cloud-init[654]: ci-info: |   1   |  fe80::/64  |    ::   |   enp0s3  |   U   |
[   18.302471] cloud-init[654]: ci-info: |   3   |    local    |    ::   |   enp0s3  |   U   |
[   18.310739] cloud-init[654]: ci-info: |   4   |   ff00::/8  |    ::   |   enp0s3  |   U   |
[   18.318070] cloud-init[654]: ci-info: +-------+-------------+---------+-----------+-------+
[   19.450382] cloud-init[654]: Generating public/private rsa key pair.
[   19.458220] cloud-init[654]: Your identification has been saved in /etc/ssh/ssh_host_rsa_key.
[   19.466141] cloud-init[654]: Your public key has been saved in /etc/ssh/ssh_host_rsa_key.pub.
[   19.474002] cloud-init[654]: The key fingerprint is:
[   19.480140] cloud-init[654]: SHA256:YAIy/gv2asx1DxyYWYbFS40y1ky8Vax3lEb2FOaoT+8 root@ubuntu-bionic
[   19.487905] cloud-init[654]: The key's randomart image is:
[   19.494585] cloud-init[654]: +---[RSA 2048]----+
[   19.500521] cloud-init[654]: |o . Ooo o..o.+.  |
[   19.506216] cloud-init[654]: |.o * X o ..+*    |
[   19.511979] cloud-init[654]: | .. @ * . o. o   |
[[0;32m  OK  [0m] Started Initial cloud-init job (metadata service crawler).
[[0;32m  OK  [0m] Reached target System Initialization.
[[0;32m  OK  [0m] Listening on ACPID Listen Socket.
         Starting Socket activation for snappy daemon.
[[0;32m  OK  [0m] Started Daily apt download activities.
[[0;32m  OK  [0m] Started Daily apt upgrade and clean activities.
[[0;32m  OK  [0m] Started Trigger to poll for Ubuntu â€¦(Only enabled on GCP LTS non-pro).
[[0;32m  OK  [0m] Started Message of the Day.
[[0;32m  OK  [0m] Listening on D-Bus System Message Bus Socket.
[[0;32m  OK  [0m] Listening on UUID daemon activation socket.
[[0;32m  OK  [0m] Listening on cloud-init hotplug hook socket.
         Starting LXD - unix socket.
[[0;32m  OK  [0m] Started Ubuntu Advantage Timer for running repeated jobs.
[[0;32m  OK  [0m] Started Discard unused blocks once a week.
[[0;32m  OK  [0m] Started Daily Cleanup of Temporary Directories.
[[0;32m  OK  [0m] Reached target Timers.
[[0;32m  OK  [0m] Listening on Open-iSCSI iscsid Socket.
[[0;32m  OK  [0m] Started ACPI Events Check.
[[0;32m  OK  [0m] Reached target Paths.
[[0;32m  OK  [0m] Reached target Cloud-config availability.
[[0;32m  OK  [0m] Reached target Network is Online.
         Starting Availability of block devices...
[[0;32m  OK  [0m] Reached target Remote File Systems (Pre).
[[0;32m  OK  [0m] Reached target Remote File Systems.
[[0;32m  OK  [0m] Listening on Socket activation for snappy daemon.
[[0;32m  OK  [0m] Listening on LXD - unix socket.
[[0;32m  OK  [0m] Reached target Sockets.
[[0;32m  OK  [0m] Reached target Basic System.
[   19.577243] cloud-init[654]: |  .+ * o ...     |
[   19.584486]          Starting Login Service...
         Starting LSB: automatic crash report generation...
cloud-init[654]: | o .. . S...     |
[   19.607466] [[0;32m  OK  [0m] Started Regular background program processing daemon.
         Starting Permit User Sessions...
         Starting Dispatcher daemon for systemd-networkd...
cloud-init         Starting Pollinate to seed the pseudo random number generator...
[654]: |. o..+    o .    |[[0;32m  OK  [0m] Started Deferred execution scheduler.
         Starting LXD - container startup/shutdown...
[[0;32m  OK  [0m] Started D-Bus System Message Bus.

[   19.669367] cloud-init[654]: |o .o. o    . .   |
[   19.686957] cloud-init[654]: | +.    .    .    |
[   19.696231] cloud-init[654]: |..           E   |
[   19.699131] cloud-init[654]: +----[SHA256]-----+
[   19.702043] cloud-init[654]: Generating public/private dsa key pair.
[   19.705520] cloud-init[654]: Your identification has been saved in /etc/ssh/ssh_host_dsa_key.
[   19.709957] cloud-init[654]: Your public key has been saved in /etc/ssh/ssh_host_dsa_key.pub.
[   19.714141] cloud-init[654]: The key fingerprint is:
[   19.716701] cloud-init[654]: SHA256:eWG/Y2TReYTq3Bzw0BTTVUpTho93l+VlrVIKUc0cwAU root@ubuntu-bionic
[   19.720854] cloud-init[654]: The key's randomart image is:
[   19.723540] cloud-init[654]: +---[DSA 1024]----+
[   19.726077] cloud-init[654]: |          .+EXOBX|
[   19.728717] cloud-init[654]: |          . +oOB*|
[   19.731150] cloud-init[654]: |          o..B+*=|
[   19.733701] cloud-init[654]: |         o o+.=o*|
[   19.736041] cloud-init[654]: |        S .o++ oo|
[   19.738613] cloud-init[654]: |         . oo.o  |
[   19.741319] cloud-init[654]: |            +    |
[   19.743805] cloud-init[654]: |           . .   |
[   19.746065] cloud-init[654]: |                 |
[   19.748376] cloud-init[654]: +----[SHA256]-----+
[   19.750831] cloud-init[654]: Generating public/private ecdsa key pair.
[   19.754015] cloud-init[654]: Your identification has been saved in /etc/ssh/ssh_host_ecdsa_key.
[   19.758829] cloud-init[654]: Your public key has been saved in /etc/ssh/ssh_host_ecdsa_key.pub.
[   19.762863] cloud-init[654]: The key fingerprint is:
[   19.765127] cloud-init[654]: SHA256:1z5zK5YCaOqFrEJXtQIyVxisq7WSmVidcuprF7FzwfE root@ubuntu-bionic
[   19.769524] cloud-init[654]: The key's randomart image is:
[   19.771634] cloud-init[654]: +---[ECDSA 256]---+
[   19.774446] cloud-init[654]: |  ..+.           |
[   19.777188] cloud-init[654]: | o =  ..         |
[   19.781483] cloud-init[654]: |  = ...o.        |
[   19.784427] cloud-init[654]: | .  .oo.E  .     |
[   19.786794] cloud-init[654]: |  ...+.oS . .    |
[   19.789891] cloud-init[654]: | o+oB.+ .. .     |
[   19.792920] cloud-init[654]: |+*.=o*.  .  +..  |
[   19.795096] cloud-init[654]: |O +.o.    . ++ . |
[   19.797747] cloud-init[654]: | =++.      o ..  |
[   19.800306] cloud-init[654]: +----[SHA256]-----+
[   19.803299] cloud-init[654]: Generating public/private ed25519 key pair.
[   19.806410] cloud-init[654]: Your identification has been saved in /etc/ssh/ssh_host_ed25519_key.
[   19.811617] cloud-init[654]: Your public key has been saved in /etc/ssh/ssh_host_ed25519_key.pub.
[   19.815844] cloud-init[654]: The key fingerprint is:
[   19.818585] cloud-init[654]: SHA256:sFriE38lqB8bPtwWDVtMCHYfE8pMO0HEFisnqedhAm8 root@ubuntu-bionic
[   19.823108] cloud-init[654]: The key's randomart image is:
[   19.826405] cloud-init[654]: +--[ED25519 256]--+
[   19.830912] cloud-init[654]: |      o=Bo+.     |
[   19.833341] cloud-init[654]: |     . *+*.o     |
[   19.835792] cloud-init[654]: |  .   =.Oo.      |
[   19.838207] cloud-init[654]: |   o . B..o      |
[   19.841286] cloud-init[654]: |    E B S=.      |
[   19.844410] cloud-init[654]: |   o % .oo.      |
[   19.846887] cloud-init[654]: |    =.=...       |
[   19.849887] cloud-init[654]: |     +o=o        |
[   19.854014] cloud-init[654]: |      +o         |
[   19.856353] cloud-init[654]: +----[SHA256]-----+
[[0;32m  OK  [0m] Started Login Service.
[[0;32m  OK  [0m] Started Unattended Upgrades Shutdown.
         Starting Accounts Service...
[[0;32m  OK  [0m] Started FUSE filesystem for LXC.
         Starting LSB: Record successful boot for GRUB...
[[0;32m  OK  [0m] Started irqbalance daemon.
         Starting System Logging Service...
         Starting Virtualbox guest utils...
         Starting Snap Daemon...
[[0;32m  OK  [0m] Started System Logging Service.
[[0;32m  OK  [0m] Started Availability of block devices.
[[0;32m  OK  [0m] Started Permit User Sessions.
         Starting Authorization Manager...
         Starting Hold until boot process finishes up...
         Starting Terminate Plymouth Boot Screen...
[[0;32m  OK  [0m] Started Hold until boot process finishes up.
[[0;32m  OK  [0m] Started Serial Getty on ttyS0.
         Starting Set console scheme...
[[0;32m  OK  [0m] Started Terminate Plymouth Boot Screen.
[[0;32m  OK  [0m] Started Set console scheme.
[[0;32m  OK  [0m] Created slice system-getty.slice.
[[0;32m  OK  [0m] Started Getty on tty1.
[[0;32m  OK  [0m] Reached target Login Prompts.
[[0;32m  OK  [0m] Started Authorization Manager.
[[0;32m  OK  [0m] Started Accounts Service.
[[0;32m  OK  [0m] Started LSB: automatic crash report generation.
[[0;32m  OK  [0m] Started LSB: Record successful boot for GRUB.
[[0;32m  OK  [0m] Started Virtualbox guest utils.
[[0;32m  OK  [0m] Started Dispatcher daemon for systemd-networkd.
[[0;32m  OK  [0m] Started LXD - container startup/shutdown.
[[0;32m  OK  [0m] Started Snap Daemon.
         Starting Wait until snapd is fully seeded...
[[0;32m  OK  [0m] Started Wait until snapd is fully seeded.
         Starting Apply the settings specified in cloud-config...
[[0;32m  OK  [0m] Started Pollinate to seed the pseudo random number generator.
         Starting OpenBSD Secure Shell server...
[[0;32m  OK  [0m] Started OpenBSD Secure Shell server.
[[0;32m  OK  [0m] Reached target Multi-User System.
[[0;32m  OK  [0m] Reached target Graphical Interface.
         Starting Update UTMP about System Runlevel Changes...
[[0;32m  OK  [0m] Started Update UTMP about System Runlevel Changes.
[[0;32m  OK  [0m] Created slice User Slice of vagrant.
         Starting User Manager for UID 1000...
[[0;32m  OK  [0m] Started Session 1 of user vagrant.
[[0;32m  OK  [0m] Started User Manager for UID 1000.
[   24.002177] cloud-init[1098]: Cloud-init v. 21.4-0ubuntu1~18.04.1 running 'modules:config' at Fri, 07 Jan 2022 21:22:51 +0000. Up 22.84 seconds.
[[0;32m  OK  [0m] Started Apply the settings specified in cloud-config.
         Starting Execute cloud user/final scripts...
ci-info: no authorized SSH keys fingerprints found for user ubuntu.
<14>Jan  7 21:22:54 cloud-init: #############################################################
<14>Jan  7 21:22:54 cloud-init: -----BEGIN SSH HOST KEY FINGERPRINTS-----
<14>Jan  7 21:22:54 cloud-init: 1024 SHA256:eWG/Y2TReYTq3Bzw0BTTVUpTho93l+VlrVIKUc0cwAU root@ubuntu-bionic (DSA)
<14>Jan  7 21:22:54 cloud-init: 256 SHA256:1z5zK5YCaOqFrEJXtQIyVxisq7WSmVidcuprF7FzwfE root@ubuntu-bionic (ECDSA)
<14>Jan  7 21:22:54 cloud-init: 256 SHA256:sFriE38lqB8bPtwWDVtMCHYfE8pMO0HEFisnqedhAm8 root@ubuntu-bionic (ED25519)
<14>Jan  7 21:22:54 cloud-init: 2048 SHA256:YAIy/gv2asx1DxyYWYbFS40y1ky8Vax3lEb2FOaoT+8 root@ubuntu-bionic (RSA)
<14>Jan  7 21:22:54 cloud-init: -----END SSH HOST KEY FINGERPRINTS-----
<14>Jan  7 21:22:54 cloud-init: #############################################################
-----BEGIN SSH HOST KEY KEYS-----
ecdsa-sha2-nistp256 AAAAE2VjZHNhLXNoYTItbmlzdHAyNTYAAAAIbmlzdHAyNTYAAABBBAP/HmgFn5X2zu6wtlC8xiBfiVOUYnoQw80k7gurRx6VC0VltHkgMjwu5lIgITTsOth6gz0hnRfO04EwdiBlHww= root@ubuntu-bionic
ssh-ed25519 AAAAC3NzaC1lZDI1NTE5AAAAIHcBkS5YiJyhfEUP/bXBxnMC79gd/Zxt8nOEBEVGU07G root@ubuntu-bionic
ssh-rsa AAAAB3NzaC1yc2EAAAADAQABAAABAQDXP/StGqWsUksNrC0UD6v3acM3XUgqpWrcNxAN57VJPQYfU4yRqKW5FeugfgKdpvf0jqyXLcc0rPkpy3s6Ne6/BPefrM6HhYdyOt+BIej8ePgzilaLtalIzpp4LmmIHDirfbNw6g6lNcpKuBroq3vACWzPet4hw8NNq8TzoXMmueA6tBBn47BejysmUpXzwblCN5NGwfOh19F/Uv4pd/TeuhDLWUu4gzH/cJaa4qbc/FJgFIPSIyucCEsqiMbzGeLmDKKlHyLo5lUVGLh2Sn3UMLM6cQMMk3zsutJ2rzVLoENHzBgLCp8qNOe223n3j9n94/n22lJKNIbnjLyhmg47 root@ubuntu-bionic
-----END SSH HOST KEY KEYS-----
[   25.119146] cloud-init[1242]: Cloud-init v. 21.4-0ubuntu1~18.04.1 running 'modules:final' at Fri, 07 Jan 2022 21:22:53 +0000. Up 24.73 seconds.
[   25.125791] cloud-init[1242]: ci-info: no authorized SSH keys fingerprints found for user ubuntu.
[   25.130491] cloud-init[1242]: Cloud-init v. 21.4-0ubuntu1~18.04.1 finished at Fri, 07 Jan 2022 21:22:54 +0000. Datasource DataSourceNoCloud [seed=/dev/sdb][dsmode=net].  Up 25.10 seconds
[[0;32m  OK  [0m] Started Execute cloud user/final scripts.
[[0;32m  OK  [0m] Reached target Cloud-init target.

Ubuntu 18.04.6 LTS ubuntu-bionic ttyS0

ubuntu-bionic login: 